// Vitest Snapshot v1, https://vitest.dev/guide/snapshot.html

exports[`APPButton > renders component 1`] = `"<button data-v-19765ba3="" class="" text="click me"><span data-v-19765ba3="">Click me</span></button>"`;
